// Jest Snapshot v1, https://goo.gl/fbAQLP

exports[`GobackButton should render correctly with to prop: withTo 1`] = `
<DocumentFragment>
  <div
    class="css-k5rr6j"
    data-testid="go-back-button"
  >
    <button
      aria-label="Go back"
      class="chakra-button css-j1h3f5"
      data-testid="go-back-button-button"
      type="button"
    >
      <svg
        aria-hidden="true"
        class="chakra-icon css-kpbtv0"
        fill="currentColor"
        focusable="false"
        height="1em"
        viewBox="0 0 256 256"
        width="1em"
        xmlns="http://www.w3.org/2000/svg"
      >
        <path
          d="M224,128a8,8,0,0,1-8,8H59.31l58.35,58.34a8,8,0,0,1-11.32,11.32l-72-72a8,8,0,0,1,0-11.32l72-72a8,8,0,0,1,11.32,11.32L59.31,120H216A8,8,0,0,1,224,128Z"
        />
      </svg>
    </button>
    <p
      class="css-r0wbil"
      data-testid="go-back-button-label"
    >
      DIGITAL_SECURITIES_LIST
    </p>
  </div>
  <span
    hidden=""
    id="__chakra_env"
  />
</DocumentFragment>
`;

exports[`GobackButton should render correctly without to prop: withoutTo 1`] = `
<DocumentFragment>
  <div
    class="css-k5rr6j"
    data-testid="go-back-button"
  >
    <button
      aria-label="Go back"
      class="chakra-button css-j1h3f5"
      data-testid="go-back-button-button"
      type="button"
    >
      <svg
        aria-hidden="true"
        class="chakra-icon css-kpbtv0"
        fill="currentColor"
        focusable="false"
        height="1em"
        viewBox="0 0 256 256"
        width="1em"
        xmlns="http://www.w3.org/2000/svg"
      >
        <path
          d="M224,128a8,8,0,0,1-8,8H59.31l58.35,58.34a8,8,0,0,1-11.32,11.32l-72-72a8,8,0,0,1,0-11.32l72-72a8,8,0,0,1,11.32,11.32L59.31,120H216A8,8,0,0,1,224,128Z"
        />
      </svg>
    </button>
    <p
      class="css-r0wbil"
      data-testid="go-back-button-label"
    >
      DIGITAL_SECURITIES_LIST
    </p>
  </div>
  <span
    hidden=""
    id="__chakra_env"
  />
</DocumentFragment>
`;
