// Jest Snapshot v1, https://goo.gl/fbAQLP

exports[`Landing if metamask is not installed then should open popup with button to install: uninstalled 1`] = `
<DocumentFragment>
  <div
    class="css-l84sf8"
    data-testid="install-metamask"
  />
  <span
    hidden=""
    id="__chakra_env"
  />
</DocumentFragment>
`;

exports[`Landing if user connect to metamask then should redirect to dashboard: connecting 1`] = `
<DocumentFragment>
  <div
    class="css-l84sf8"
    data-testid="install-metamask"
  />
  <span
    hidden=""
    id="__chakra_env"
  />
</DocumentFragment>
`;

exports[`Landing should render correctly: disconnected 1`] = `
<DocumentFragment>
  <div
    class="chakra-stack css-31iced"
    data-testid="landing-page"
  >
    <div
      class="chakra-stack css-1h7sl3e"
    >
      <p
        class="css-hwd6mb"
        data-testid="title"
      >
        Connect your 
        <span
          class="css-qa8l2m"
        >
          Wallet
        </span>
      </p>
      <p
        class="css-b26fyd"
        data-testid="subtitle"
      >
        Please, connect your wallet to start operating.
      </p>
      <div
        class="css-ehmgu2"
      >
        <div
          class="chakra-accordion css-1gtanqs"
        >
          <div
            class="chakra-accordion__item css-j7dq76"
          >
            <button
              aria-controls="accordion-panel-:r0:"
              aria-expanded="false"
              class="chakra-accordion__button css-uttm9k"
              data-index="0"
              id="accordion-button-:r0:"
              type="button"
            >
              <div
                class="css-1eziwv"
              >
                showMetamaskInstructions
              </div>
              <svg
                aria-hidden="true"
                class="chakra-icon chakra-accordion__icon css-186l2rg"
                focusable="false"
                viewBox="0 0 24 24"
              >
                <path
                  d="M16.59 8.59L12 13.17 7.41 8.59 6 10l6 6 6-6z"
                  fill="currentColor"
                />
              </svg>
            </button>
            <div
              class="chakra-collapse"
              style="overflow: hidden; display: none; opacity: 0; height: 0px;"
            >
              <div
                aria-labelledby="accordion-button-:r0:"
                class="chakra-accordion__panel css-1hb5ode"
                id="accordion-panel-:r0:"
                role="region"
              >
                instructionsMetamask
              </div>
            </div>
          </div>
        </div>
      </div>
      <div
        class="chakra-stack css-ph6hc8"
      >
        <button
          class="chakra-button css-1145i8e"
          data-testid="connect-to-metamask-landing-button"
          type="button"
        >
          <p
            class="css-i0u7lf"
          >
            Connect Metamask
          </p>
        </button>
        <button
          class="chakra-button css-1145i8e"
          data-testid="connect-to-hwc-landing-button"
          type="button"
        >
          <p
            class="css-i0u7lf"
          >
            Connect Wallet Connect
          </p>
        </button>
      </div>
    </div>
  </div>
  <span
    hidden=""
    id="__chakra_env"
  />
</DocumentFragment>
`;
